// Jest Snapshot v1, https://goo.gl/fbAQLP

exports[`Button renders component 1`] = `<div class="wrapper-btn"><button class="btn">someFixedLabel</button></div>`;
