// Jest Snapshot v1, https://goo.gl/fbAQLP

exports[`Number.vue renders component 1`] = `<input id="someFixedValidId" type="number" name="someFixedValidId" class="input">`;
