// Jest Snapshot v1, https://goo.gl/fbAQLP

exports[`TextInput.vue renders component 1`] = `<input id="someFixedValidId" type="text" name="someFixedValidId" class="input">`;
